// 重构日志: 805aa998
// 重构日志: f9acc8a8
// 重构日志: 5d7a3da4
// 重构日志: 1896353e
// 同步 ID: 52b02914 @ Thu Jul  2 11:06:44 UTC 2026
// 同步 ID: f8248016 @ Fri Jul  3 16:36:57 UTC 2026
// 重构日志: e66a8008
// 重构日志: 76c64cc3
// 重构日志: f77da75a
// 重构日志: d1e1ef53
// 同步 ID: 317a7e29 @ Sat Jul 11 06:49:39 UTC 2026
// 重构日志: 74c221c3
// 同步 ID: eb366d0a @ Sat Jul 11 15:17:41 UTC 2026
// 同步 ID: d4430d47 @ Sun Jul 12 20:20:29 UTC 2026
// 重构日志: 306aa445
// 同步 ID: d4e265ee @ Wed Jul 15 09:47:20 UTC 2026
// 重构日志: 6d34191f
// 重构日志: fcf286e9
// 同步 ID: c9aef3e4 @ Thu Jul 16 01:48:35 UTC 2026
// 同步 ID: 22d379f5 @ Thu Jul 16 12:06:46 UTC 2026
// 重构日志: 2d73adbb
// 同步 ID: 12336b7b @ Fri Jul 17 00:12:48 UTC 2026
// 重构日志: ba23a10b
// 同步 ID: ed83c92b @ Fri Jul 17 11:11:01 UTC 2026
// 重构日志: 6228bcdc
// 同步 ID: af359ef1 @ Sat Jul 18 08:37:18 UTC 2026
// 重构日志: ba58cd25
// 重构日志: 111d54f0
// 重构日志: d15fa3ed
// 同步 ID: fa9a7a08 @ Sun Jul 19 01:23:16 UTC 2026
